2025-04-04 05:42:43.200492 - Received CBT.V508.FILE186.PDS from FILE186.XMI 
2025-04-04 05:42:43.201682 - Found $$$$INFO.txt (text/plain) in CBT.V508.FILE186.PDS, moved to PDS/$$$$INFO
2025-04-04 05:42:43.201842 - Found $$$#DATE.txt (text/plain) in CBT.V508.FILE186.PDS, moved to PDS/$$$#DATE
2025-04-04 05:42:43.202026 - Found CNCLPGA.txt (text/plain) in CBT.V508.FILE186.PDS, moved to PDS/CNCLPGA
2025-04-04 05:42:43.202163 - Found CNCLPGA$.jcl (text/plain) in CBT.V508.FILE186.PDS, moved to PDS/CNCLPGA$
2025-04-04 05:42:43.202296 - Found CNCLPGAO.txt (text/plain) in CBT.V508.FILE186.PDS, moved to PDS/CNCLPGAO
2025-04-04 05:42:43.202433 - Found CNCLPGAP.txt (text/plain) in CBT.V508.FILE186.PDS, moved to PDS/CNCLPGAP
2025-04-04 05:42:43.202579 - Found CNCLPGAQ.txt (text/plain) in CBT.V508.FILE186.PDS, moved to PDS/CNCLPGAQ
2025-04-04 05:42:43.202715 - Found CNCLPGAR.txt (text/plain) in CBT.V508.FILE186.PDS, moved to PDS/CNCLPGAR
2025-04-04 05:42:43.202849 - Found CNCLPGAS.txt (text/plain) in CBT.V508.FILE186.PDS, moved to PDS/CNCLPGAS
2025-04-04 05:42:43.202986 - Found CNCLPGAT.txt (text/plain) in CBT.V508.FILE186.PDS, moved to PDS/CNCLPGAT
2025-04-04 05:42:43.203194 - Found CONVERT.txt (text/plain) in CBT.V508.FILE186.PDS, moved to PDS/CONVERT
2025-04-04 05:42:43.203467 - Found CRACDICT.txt (text/plain) in CBT.V508.FILE186.PDS, moved to PDS/CRACDICT
2025-04-04 05:42:43.203612 - Found CRACKER.jcl (text/plain) in CBT.V508.FILE186.PDS, moved to PDS/CRACKER
2025-04-04 05:42:43.203770 - Found CRACKOBJ.bin (application/octet-stream) in CBT.V508.FILE186.PDS, moved to PDS/CRACKOBJ
2025-04-04 05:42:43.204035 - Found LOADLIB.xmi (application/xmit) in CBT.V508.FILE186.PDS, moved to PDS/LOADLIB.xmi
2025-04-04 05:42:43.379841 - Received IBMUSER.LOAD from LOADLIB.xmi 
2025-04-04 05:42:43.382273 - Found $$$VER.bin (application/octet-stream) in IBMUSER.LOAD, moved to LOADLIB/$$$VER
2025-04-04 05:42:43.382335 - Found alias # to AUCMD in IBMUSER.LOAD, moved to PDS/#
2025-04-04 05:42:43.382476 - Found ADIS.bin (application/octet-stream) in IBMUSER.LOAD, moved to LOADLIB/ADIS
2025-04-04 05:42:43.382606 - Found ALLIDS.bin (application/octet-stream) in IBMUSER.LOAD, moved to LOADLIB/ALLIDS
2025-04-04 05:42:43.382745 - Found ALPL.bin (application/octet-stream) in IBMUSER.LOAD, moved to LOADLIB/ALPL
2025-04-04 05:42:43.382908 - Found ASUB.bin (application/octet-stream) in IBMUSER.LOAD, moved to LOADLIB/ASUB
2025-04-04 05:42:43.383028 - Found AUCMD.bin (application/octet-stream) in IBMUSER.LOAD, moved to LOADLIB/AUCMD
2025-04-04 05:42:43.383155 - Found AUPGM.bin (application/octet-stream) in IBMUSER.LOAD, moved to LOADLIB/AUPGM
2025-04-04 05:42:43.383291 - Found BUFRSIZE.bin (application/octet-stream) in IBMUSER.LOAD, moved to LOADLIB/BUFRSIZE
2025-04-04 05:42:43.383403 - Found BYE.bin (application/octet-stream) in IBMUSER.LOAD, moved to LOADLIB/BYE
2025-04-04 05:42:43.383511 - Found CHNLEN.bin (application/octet-stream) in IBMUSER.LOAD, moved to LOADLIB/CHNLEN
2025-04-04 05:42:43.383633 - Found CINMX.bin (application/octet-stream) in IBMUSER.LOAD, moved to LOADLIB/CINMX
2025-04-04 05:42:43.383782 - Found CNCLPG.bin (application/octet-stream) in IBMUSER.LOAD, moved to LOADLIB/CNCLPG
2025-04-04 05:42:43.383904 - Found CNCLPGA.bin (application/octet-stream) in IBMUSER.LOAD, moved to LOADLIB/CNCLPGA
2025-04-04 05:42:43.384017 - Found CNCLPG10.bin (application/octet-stream) in IBMUSER.LOAD, moved to LOADLIB/CNCLPG10
2025-04-04 05:42:43.384134 - Found CNCLPG11.bin (application/octet-stream) in IBMUSER.LOAD, moved to LOADLIB/CNCLPG11
2025-04-04 05:42:43.384249 - Found CNCLPG20.bin (application/octet-stream) in IBMUSER.LOAD, moved to LOADLIB/CNCLPG20
2025-04-04 05:42:43.384377 - Found CSCF.bin (application/octet-stream) in IBMUSER.LOAD, moved to LOADLIB/CSCF
2025-04-04 05:42:43.384563 - Found DACEE.bin (application/octet-stream) in IBMUSER.LOAD, moved to LOADLIB/DACEE
2025-04-04 05:42:43.384702 - Found DAPF.bin (application/octet-stream) in IBMUSER.LOAD, moved to LOADLIB/DAPF
2025-04-04 05:42:43.384836 - Found DLINK.bin (application/octet-stream) in IBMUSER.LOAD, moved to LOADLIB/DLINK
2025-04-04 05:42:43.384895 - Found alias DSAUT to RACROUT in IBMUSER.LOAD, moved to PDS/DSAUT
2025-04-04 05:42:43.385010 - Found DTEST.bin (application/octet-stream) in IBMUSER.LOAD, moved to LOADLIB/DTEST
2025-04-04 05:42:43.385138 - Found DUMPACEE.bin (application/octet-stream) in IBMUSER.LOAD, moved to LOADLIB/DUMPACEE
2025-04-04 05:42:43.385267 - Found DUMPASCB.bin (application/octet-stream) in IBMUSER.LOAD, moved to LOADLIB/DUMPASCB
2025-04-04 05:42:43.385383 - Found DUMPASSB.bin (application/octet-stream) in IBMUSER.LOAD, moved to LOADLIB/DUMPASSB
2025-04-04 05:42:43.385490 - Found DUMPASVT.bin (application/octet-stream) in IBMUSER.LOAD, moved to LOADLIB/DUMPASVT
2025-04-04 05:42:43.385608 - Found DUMPCSCB.bin (application/octet-stream) in IBMUSER.LOAD, moved to LOADLIB/DUMPCSCB
2025-04-04 05:42:43.385727 - Found DUMPINMX.bin (application/octet-stream) in IBMUSER.LOAD, moved to LOADLIB/DUMPINMX
2025-04-04 05:42:43.385838 - Found DUMPIOVT.bin (application/octet-stream) in IBMUSER.LOAD, moved to LOADLIB/DUMPIOVT
2025-04-04 05:42:43.385962 - Found DUMPJCT.bin (application/octet-stream) in IBMUSER.LOAD, moved to LOADLIB/DUMPJCT
2025-04-04 05:42:43.386075 - Found DUMPLCT.bin (application/octet-stream) in IBMUSER.LOAD, moved to LOADLIB/DUMPLCT
2025-04-04 05:42:43.386181 - Found DUMPLWA.bin (application/octet-stream) in IBMUSER.LOAD, moved to LOADLIB/DUMPLWA
2025-04-04 05:42:43.386287 - Found DUMPPPT.bin (application/octet-stream) in IBMUSER.LOAD, moved to LOADLIB/DUMPPPT
2025-04-04 05:42:43.386398 - Found DUMPPSCB.bin (application/octet-stream) in IBMUSER.LOAD, moved to LOADLIB/DUMPPSCB
2025-04-04 05:42:43.386513 - Found DUMPSCT.bin (application/octet-stream) in IBMUSER.LOAD, moved to LOADLIB/DUMPSCT
2025-04-04 05:42:43.386641 - Found DUMPTCT.bin (application/octet-stream) in IBMUSER.LOAD, moved to LOADLIB/DUMPTCT
2025-04-04 05:42:43.386765 - Found DUMPTIOT.bin (application/octet-stream) in IBMUSER.LOAD, moved to LOADLIB/DUMPTIOT
2025-04-04 05:42:43.386954 - Found DUMPTSB.bin (application/octet-stream) in IBMUSER.LOAD, moved to LOADLIB/DUMPTSB
2025-04-04 05:42:43.387105 - Found DUMPTSVT.bin (application/octet-stream) in IBMUSER.LOAD, moved to LOADLIB/DUMPTSVT
2025-04-04 05:42:43.387228 - Found DUSER.bin (application/octet-stream) in IBMUSER.LOAD, moved to LOADLIB/DUSER
2025-04-04 05:42:43.387345 - Found DVAT.bin (application/octet-stream) in IBMUSER.LOAD, moved to LOADLIB/DVAT
2025-04-04 05:42:43.387462 - Found EESCB.bin (application/octet-stream) in IBMUSER.LOAD, moved to LOADLIB/EESCB
2025-04-04 05:42:43.387577 - Found ENGTRANS.bin (application/octet-stream) in IBMUSER.LOAD, moved to LOADLIB/ENGTRANS
2025-04-04 05:42:43.387638 - Found alias FINDCMD to LOCATE in IBMUSER.LOAD, moved to PDS/FINDCMD
2025-04-04 05:42:43.387691 - Found alias FINDPRG to LOCATE in IBMUSER.LOAD, moved to PDS/FINDPRG
2025-04-04 05:42:43.387808 - Found FPASS.bin (application/octet-stream) in IBMUSER.LOAD, moved to LOADLIB/FPASS
2025-04-04 05:42:43.387938 - Found HIBFREXT.bin (application/octet-stream) in IBMUSER.LOAD, moved to LOADLIB/HIBFREXT
2025-04-04 05:42:43.388078 - Found IEBTSUB.bin (application/octet-stream) in IBMUSER.LOAD, moved to LOADLIB/IEBTSUB
2025-04-04 05:42:43.388135 - Found alias IKJEFTAP to IKJTABLS in IBMUSER.LOAD, moved to PDS/IKJEFTAP
2025-04-04 05:42:43.388180 - Found alias IKJEFTE2 to IKJTABLS in IBMUSER.LOAD, moved to PDS/IKJEFTE2
2025-04-04 05:42:43.388230 - Found alias IKJEFTE8 to IKJTABLS in IBMUSER.LOAD, moved to PDS/IKJEFTE8
2025-04-04 05:42:43.388275 - Found alias IKJEFTNS to IKJTABLS in IBMUSER.LOAD, moved to PDS/IKJEFTNS
2025-04-04 05:42:43.388399 - Found IKJTABLS.bin (application/octet-stream) in IBMUSER.LOAD, moved to LOADLIB/IKJTABLS
2025-04-04 05:42:43.388539 - Found IKJTSUB.bin (application/octet-stream) in IBMUSER.LOAD, moved to LOADLIB/IKJTSUB
2025-04-04 05:42:43.388654 - Found INMXD.bin (application/octet-stream) in IBMUSER.LOAD, moved to LOADLIB/INMXD
2025-04-04 05:42:43.388705 - Found alias KKJEFTAP to KKJTABLS in IBMUSER.LOAD, moved to PDS/KKJEFTAP
2025-04-04 05:42:43.388762 - Found alias KKJEFTE2 to KKJTABLS in IBMUSER.LOAD, moved to PDS/KKJEFTE2
2025-04-04 05:42:43.388816 - Found alias KKJEFTE8 to KKJTABLS in IBMUSER.LOAD, moved to PDS/KKJEFTE8
2025-04-04 05:42:43.388868 - Found alias KKJEFTNS to KKJTABLS in IBMUSER.LOAD, moved to PDS/KKJEFTNS
2025-04-04 05:42:43.388998 - Found KKJTABLS.bin (application/octet-stream) in IBMUSER.LOAD, moved to LOADLIB/KKJTABLS
2025-04-04 05:42:43.389112 - Found KMBAPFLB.bin (application/octet-stream) in IBMUSER.LOAD, moved to LOADLIB/KMBAPFLB
2025-04-04 05:42:43.389252 - Found LISTMOD.bin (application/octet-stream) in IBMUSER.LOAD, moved to LOADLIB/LISTMOD
2025-04-04 05:42:43.389388 - Found LLWA.bin (application/octet-stream) in IBMUSER.LOAD, moved to LOADLIB/LLWA
2025-04-04 05:42:43.389569 - Found LOADTEST.bin (application/octet-stream) in IBMUSER.LOAD, moved to LOADLIB/LOADTEST
2025-04-04 05:42:43.389623 - Found alias LOADTN to LOADTEST in IBMUSER.LOAD, moved to PDS/LOADTN
2025-04-04 05:42:43.389759 - Found LOBFREXT.bin (application/octet-stream) in IBMUSER.LOAD, moved to LOADLIB/LOBFREXT
2025-04-04 05:42:43.389903 - Found LOCATE.bin (application/octet-stream) in IBMUSER.LOAD, moved to LOADLIB/LOCATE
2025-04-04 05:42:43.390033 - Found LOGOPTS.bin (application/octet-stream) in IBMUSER.LOAD, moved to LOADLIB/LOGOPTS
2025-04-04 05:42:43.390178 - Found LOKSES.bin (application/octet-stream) in IBMUSER.LOAD, moved to LOADLIB/LOKSES
2025-04-04 05:42:43.390310 - Found LOOK.bin (application/octet-stream) in IBMUSER.LOAD, moved to LOADLIB/LOOK
2025-04-04 05:42:43.390421 - Found LPALST.bin (application/octet-stream) in IBMUSER.LOAD, moved to LOADLIB/LPALST
2025-04-04 05:42:43.390546 - Found LSLT.bin (application/octet-stream) in IBMUSER.LOAD, moved to LOADLIB/LSLT
2025-04-04 05:42:43.390656 - Found LWATEDIT.bin (application/octet-stream) in IBMUSER.LOAD, moved to LOADLIB/LWATEDIT
2025-04-04 05:42:43.390771 - Found LWATMGR.bin (application/octet-stream) in IBMUSER.LOAD, moved to LOADLIB/LWATMGR
2025-04-04 05:42:43.390905 - Found MEMZAP.bin (application/octet-stream) in IBMUSER.LOAD, moved to LOADLIB/MEMZAP
2025-04-04 05:42:43.391042 - Found NOLOGOF.bin (application/octet-stream) in IBMUSER.LOAD, moved to LOADLIB/NOLOGOF
2025-04-04 05:42:43.391194 - Found ONLCLEAR.bin (application/octet-stream) in IBMUSER.LOAD, moved to LOADLIB/ONLCLEAR
2025-04-04 05:42:43.391343 - Found ONLCLIP.bin (application/octet-stream) in IBMUSER.LOAD, moved to LOADLIB/ONLCLIP
2025-04-04 05:42:43.391532 - Found PDSLOAD.bin (application/octet-stream) in IBMUSER.LOAD, moved to LOADLIB/PDSLOAD
2025-04-04 05:42:43.391591 - Found alias PDSLOADW to PDSLOAD in IBMUSER.LOAD, moved to PDS/PDSLOADW
2025-04-04 05:42:43.391732 - Found PRFBIGA.bin (application/octet-stream) in IBMUSER.LOAD, moved to LOADLIB/PRFBIGA
2025-04-04 05:42:43.391878 - Found PRFSMLA.bin (application/octet-stream) in IBMUSER.LOAD, moved to LOADLIB/PRFSMLA
2025-04-04 05:42:43.392019 - Found RACROUT.bin (application/octet-stream) in IBMUSER.LOAD, moved to LOADLIB/RACROUT
2025-04-04 05:42:43.392158 - Found RDHAPSVC.bin (application/octet-stream) in IBMUSER.LOAD, moved to LOADLIB/RDHAPSVC
2025-04-04 05:42:43.392289 - Found RDHINSTL.bin (application/octet-stream) in IBMUSER.LOAD, moved to LOADLIB/RDHINSTL
2025-04-04 05:42:43.392425 - Found RECONLIM.bin (application/octet-stream) in IBMUSER.LOAD, moved to LOADLIB/RECONLIM
2025-04-04 05:42:43.392563 - Found RELOGON.bin (application/octet-stream) in IBMUSER.LOAD, moved to LOADLIB/RELOGON
2025-04-04 05:42:43.392706 - Found RLOAD.bin (application/octet-stream) in IBMUSER.LOAD, moved to LOADLIB/RLOAD
2025-04-04 05:42:43.392857 - Found RLOADA.bin (application/octet-stream) in IBMUSER.LOAD, moved to LOADLIB/RLOADA
2025-04-04 05:42:43.393060 - Found SCRSIZE.bin (application/octet-stream) in IBMUSER.LOAD, moved to LOADLIB/SCRSIZE
2025-04-04 05:42:43.393207 - Found SETPW2.bin (application/octet-stream) in IBMUSER.LOAD, moved to LOADLIB/SETPW2
2025-04-04 05:42:43.393352 - Found SHOWRLGB.bin (application/octet-stream) in IBMUSER.LOAD, moved to LOADLIB/SHOWRLGB
2025-04-04 05:42:43.393506 - Found SHOWSS.bin (application/octet-stream) in IBMUSER.LOAD, moved to LOADLIB/SHOWSS
2025-04-04 05:42:43.393647 - Found SHOWTCAS.bin (application/octet-stream) in IBMUSER.LOAD, moved to LOADLIB/SHOWTCAS
2025-04-04 05:42:43.393785 - Found SHOWTPVT.bin (application/octet-stream) in IBMUSER.LOAD, moved to LOADLIB/SHOWTPVT
2025-04-04 05:42:43.393972 - Found SHOWTSB.bin (application/octet-stream) in IBMUSER.LOAD, moved to LOADLIB/SHOWTSB
2025-04-04 05:42:43.394150 - Found STEPLIB.bin (application/octet-stream) in IBMUSER.LOAD, moved to LOADLIB/STEPLIB
2025-04-04 05:42:43.394262 - Found TERMSIZE.bin (application/octet-stream) in IBMUSER.LOAD, moved to LOADLIB/TERMSIZE
2025-04-04 05:42:43.394397 - Found TOKGRUP.bin (application/octet-stream) in IBMUSER.LOAD, moved to LOADLIB/TOKGRUP
2025-04-04 05:42:43.394524 - Found TOKUSER.bin (application/octet-stream) in IBMUSER.LOAD, moved to LOADLIB/TOKUSER
2025-04-04 05:42:43.394681 - Found TRMSZRPT.bin (application/octet-stream) in IBMUSER.LOAD, moved to LOADLIB/TRMSZRPT
2025-04-04 05:42:43.394825 - Found TSOFIND.bin (application/octet-stream) in IBMUSER.LOAD, moved to LOADLIB/TSOFIND
2025-04-04 05:42:43.394978 - Found TSUB.bin (application/octet-stream) in IBMUSER.LOAD, moved to LOADLIB/TSUB
2025-04-04 05:42:43.395118 - Found TSUINFO.bin (application/octet-stream) in IBMUSER.LOAD, moved to LOADLIB/TSUINFO
2025-04-04 05:42:43.395271 - Found TSVTTMO.bin (application/octet-stream) in IBMUSER.LOAD, moved to LOADLIB/TSVTTMO
2025-04-04 05:42:43.395412 - Found TSVT8.bin (application/octet-stream) in IBMUSER.LOAD, moved to LOADLIB/TSVT8
2025-04-04 05:42:43.395538 - Found UACEE.bin (application/octet-stream) in IBMUSER.LOAD, moved to LOADLIB/UACEE
2025-04-04 05:42:43.395673 - Found UADLIST.bin (application/octet-stream) in IBMUSER.LOAD, moved to LOADLIB/UADLIST
2025-04-04 05:42:43.395785 - Found UCB.bin (application/octet-stream) in IBMUSER.LOAD, moved to LOADLIB/UCB
2025-04-04 05:42:43.395900 - Found UCBDASD.bin (application/octet-stream) in IBMUSER.LOAD, moved to LOADLIB/UCBDASD
2025-04-04 05:42:43.396008 - Found UCBPRIV.bin (application/octet-stream) in IBMUSER.LOAD, moved to LOADLIB/UCBPRIV
2025-04-04 05:42:43.396216 - Found UCBPUBL.bin (application/octet-stream) in IBMUSER.LOAD, moved to LOADLIB/UCBPUBL
2025-04-04 05:42:43.396371 - Found UCBSTOR.bin (application/octet-stream) in IBMUSER.LOAD, moved to LOADLIB/UCBSTOR
2025-04-04 05:42:43.396512 - Found UCBTAPE.bin (application/octet-stream) in IBMUSER.LOAD, moved to LOADLIB/UCBTAPE
2025-04-04 05:42:43.396635 - Found UCBTYPE.bin (application/octet-stream) in IBMUSER.LOAD, moved to LOADLIB/UCBTYPE
2025-04-04 05:42:43.396761 - Found UGRP.bin (application/octet-stream) in IBMUSER.LOAD, moved to LOADLIB/UGRP
2025-04-04 05:42:43.396878 - Found UKEYCSA.bin (application/octet-stream) in IBMUSER.LOAD, moved to LOADLIB/UKEYCSA
2025-04-04 05:42:43.396988 - Found ULWA.bin (application/octet-stream) in IBMUSER.LOAD, moved to LOADLIB/ULWA
2025-04-04 05:42:43.397128 - Found UNAME.bin (application/octet-stream) in IBMUSER.LOAD, moved to LOADLIB/UNAME
2025-04-04 05:42:43.397263 - Found UPRC.bin (application/octet-stream) in IBMUSER.LOAD, moved to LOADLIB/UPRC
2025-04-04 05:42:43.397393 - Found USAT.bin (application/octet-stream) in IBMUSER.LOAD, moved to LOADLIB/USAT
2025-04-04 05:42:43.397515 - Found USERMAX.bin (application/octet-stream) in IBMUSER.LOAD, moved to LOADLIB/USERMAX
2025-04-04 05:42:43.397632 - Found USIT.bin (application/octet-stream) in IBMUSER.LOAD, moved to LOADLIB/USIT
2025-04-04 05:42:43.397756 - Found USOT.bin (application/octet-stream) in IBMUSER.LOAD, moved to LOADLIB/USOT
2025-04-04 05:42:43.397865 - Found USPT.bin (application/octet-stream) in IBMUSER.LOAD, moved to LOADLIB/USPT
2025-04-04 05:42:43.397981 - Found USTT.bin (application/octet-stream) in IBMUSER.LOAD, moved to LOADLIB/USTT
2025-04-04 05:42:43.398088 - Found USUR.bin (application/octet-stream) in IBMUSER.LOAD, moved to LOADLIB/USUR
2025-04-04 05:42:43.398196 - Found USUT.bin (application/octet-stream) in IBMUSER.LOAD, moved to LOADLIB/USUT
2025-04-04 05:42:43.398315 - Found USVT.bin (application/octet-stream) in IBMUSER.LOAD, moved to LOADLIB/USVT
2025-04-04 05:42:43.398438 - Found USWT.bin (application/octet-stream) in IBMUSER.LOAD, moved to LOADLIB/USWT
2025-04-04 05:42:43.398552 - Found USXT.bin (application/octet-stream) in IBMUSER.LOAD, moved to LOADLIB/USXT
2025-04-04 05:42:43.398664 - Found USYT.bin (application/octet-stream) in IBMUSER.LOAD, moved to LOADLIB/USYT
2025-04-04 05:42:43.398777 - Found USZT.bin (application/octet-stream) in IBMUSER.LOAD, moved to LOADLIB/USZT
2025-04-04 05:42:43.398910 - Found UTKGP.bin (application/octet-stream) in IBMUSER.LOAD, moved to LOADLIB/UTKGP
2025-04-04 05:42:43.399022 - Found UTKID.bin (application/octet-stream) in IBMUSER.LOAD, moved to LOADLIB/UTKID
2025-04-04 05:42:43.399137 - Found UTSB.bin (application/octet-stream) in IBMUSER.LOAD, moved to LOADLIB/UTSB
2025-04-04 05:42:43.399250 - Found WAITT.bin (application/octet-stream) in IBMUSER.LOAD, moved to LOADLIB/WAITT
2025-04-04 05:42:43.399368 - Found XOR.bin (application/octet-stream) in IBMUSER.LOAD, moved to LOADLIB/XOR
2025-04-04 05:42:43.399473 - Found ZAPLWA.bin (application/octet-stream) in IBMUSER.LOAD, moved to LOADLIB/ZAPLWA
2025-04-04 05:42:43.403601 - Found PRFBIGA.txt (text/plain) in CBT.V508.FILE186.PDS, moved to PDS/PRFBIGA
2025-04-04 05:42:43.403732 - Found PRFSMLA.txt (text/plain) in CBT.V508.FILE186.PDS, moved to PDS/PRFSMLA
2025-04-04 05:42:43.403847 - Found PZAP22.jcl (text/plain) in CBT.V508.FILE186.PDS, moved to PDS/PZAP22
2025-04-04 05:42:43.403963 - Found PZAP23.jcl (text/plain) in CBT.V508.FILE186.PDS, moved to PDS/PZAP23
2025-04-04 05:42:43.404069 - Found PZAP24.jcl (text/plain) in CBT.V508.FILE186.PDS, moved to PDS/PZAP24
2025-04-04 05:42:43.404238 - Found RACRACKR.txt (text/plain) in CBT.V508.FILE186.PDS, moved to PDS/RACRACKR
2025-04-04 05:42:43.404355 - Found RLOADA.txt (text/plain) in CBT.V508.FILE186.PDS, moved to PDS/RLOADA
2025-04-04 05:42:43.404465 - Found RLOADA$.jcl (text/plain) in CBT.V508.FILE186.PDS, moved to PDS/RLOADA$
2025-04-04 05:42:43.404863 - Found SYSMOD.xmi (application/xmit) in CBT.V508.FILE186.PDS, moved to PDS/SYSMOD.xmi
2025-04-04 05:42:43.528686 - Received IBMUSER.SYSMODS.PDS from SYSMOD.xmi 
2025-04-04 05:42:43.529499 - Found $$NOTE01.txt (text/plain) in IBMUSER.SYSMODS.PDS, moved to SYSMOD/$$NOTE01
2025-04-04 05:42:43.529650 - Found #DSECTS.txt (text/plain) in IBMUSER.SYSMODS.PDS, moved to SYSMOD/#DSECTS
2025-04-04 05:42:43.529829 - Found IGG0191N.txt (text/plain) in IBMUSER.SYSMODS.PDS, moved to SYSMOD/IGG0191N
2025-04-04 05:42:43.529998 - Found SYSMODS.txt (text/plain) in IBMUSER.SYSMODS.PDS, moved to SYSMOD/SYSMODS
2025-04-04 05:42:43.530112 - Found SYSMOD00.txt (text/plain) in IBMUSER.SYSMODS.PDS, moved to SYSMOD/SYSMOD00
2025-04-04 05:42:43.530235 - Found SYSMOD21.txt (text/plain) in IBMUSER.SYSMODS.PDS, moved to SYSMOD/SYSMOD21
2025-04-04 05:42:43.530365 - Found SYSMOD22.txt (text/plain) in IBMUSER.SYSMODS.PDS, moved to SYSMOD/SYSMOD22
2025-04-04 05:42:43.530488 - Found SYSMOD23.txt (text/plain) in IBMUSER.SYSMODS.PDS, moved to SYSMOD/SYSMOD23
2025-04-04 05:42:43.530610 - Found TESTZ23.txt (text/plain) in IBMUSER.SYSMODS.PDS, moved to SYSMOD/TESTZ23
2025-04-04 05:42:43.530732 - Found TESTZ23A.txt (text/plain) in IBMUSER.SYSMODS.PDS, moved to SYSMOD/TESTZ23A
2025-04-04 05:42:43.530861 - Found ZAP23.jcl (text/plain) in IBMUSER.SYSMODS.PDS, moved to SYSMOD/ZAP23
2025-04-04 05:42:43.530982 - Found ZAP23A.jcl (text/plain) in IBMUSER.SYSMODS.PDS, moved to SYSMOD/ZAP23A
2025-04-04 05:42:43.531106 - Found ZAP23OFF.jcl (text/plain) in IBMUSER.SYSMODS.PDS, moved to SYSMOD/ZAP23OFF
2025-04-04 05:42:43.531228 - Found ZAP24A.jcl (text/plain) in IBMUSER.SYSMODS.PDS, moved to SYSMOD/ZAP24A
